// Jest Snapshot v1, https://goo.gl/fbAQLP

exports[`snapshot with no content matches 1`] = `
<p
  className="MuiTypography-root MuiTypography-body2 MuiTypography-colorTextSecondary MuiTypography-alignCenter"
>
  Copyright Â© 
  <a
    className="MuiTypography-root MuiLink-root MuiLink-underlineHover MuiTypography-colorInherit"
    href="#"
    onBlur={[Function]}
    onFocus={[Function]}
  >
    Weather you are ready
  </a>
   
  2021
  .
</p>
`;
